// Jest Snapshot v1, https://goo.gl/fbAQLP

exports[`<Footer /> renders the UI as expected 1`] = `
<footer>
  <p>
    Seed your dream projects
  </p>
</footer>
`;
